============================= test session starts =============================
platform win32 -- Python 3.12.14, pytest-9.1.1, pluggy-1.6.0
rootdir: C:\Users\Admin\.t3\worktrees\etsy-listing-automation\t3code-a1bbd609
configfile: pyproject.toml
testpaths: tests
plugins: anyio-4.15.0, cov-7.1.0
collected 3034 items / 2937 deselected / 97 selected

tests\browser\test_ai_seo_browser.py .....................               [ 21%]
tests\browser\test_batch_creation_browser.py ....                        [ 25%]
tests\browser\test_calibrator_browser.py ............................... [ 57%]
.......                                                                  [ 64%]
tests\browser\test_calibrator_design.py ..................               [ 83%]
tests\browser\test_deploy_view.py ..                                     [ 85%]
tests\browser\test_listing_template_editor_browser.py ...                [ 88%]
tests\browser\test_listing_templates_browser.py ...                      [ 91%]
tests\browser\test_listing_videos_browser.py ..                          [ 93%]
tests\browser\test_listings_browser.py .....                             [ 98%]
tests\browser\test_mobile_layout.py .                                    [100%]

============================== warnings summary ===============================
.venv\Lib\site-packages\fastapi\testclient.py:1
  C:\Users\Admin\.t3\worktrees\etsy-listing-automation\t3code-a1bbd609\.venv\Lib\site-packages\fastapi\testclient.py:1: StarletteDeprecationWarning: Using `httpx` with `starlette.testclient` is deprecated; install `httpx2` instead.
    from starlette.testclient import TestClient as TestClient  # noqa

.venv\Lib\site-packages\starlette\testclient.py:53
  C:\Users\Admin\.t3\worktrees\etsy-listing-automation\t3code-a1bbd609\.venv\Lib\site-packages\starlette\testclient.py:53: DeprecationWarning: The anyio.abc.BlockingPortal alias is deprecated, use anyio.from_thread.BlockingPortal instead.
    _PortalFactoryType = Callable[[], AbstractContextManager[anyio.abc.BlockingPortal]]

-- Docs: https://docs.pytest.org/en/stable/how-to/capture-warnings.html
- generated xml file: C:\Users\Admin\.t3\worktrees\etsy-listing-automation\t3code-a1bbd609\reports\browser-audit.xml -
============================ slowest 30 durations =============================
7.03s call     tests/browser/test_ai_seo_browser.py::test_the_page_head_names_the_brief_step_while_it_runs
6.03s call     tests/browser/test_ai_seo_browser.py::test_full_workflow_independent_title_tags_and_lead_acceptance
5.63s call     tests/browser/test_ai_seo_browser.py::test_nothing_below_the_head_moves_when_the_indicator_comes_and_goes
3.17s call     tests/browser/test_listing_videos_browser.py::test_add_two_videos_drag_the_second_and_autosave_the_gallery
3.03s call     tests/browser/test_ai_seo_browser.py::test_common_copy_description_composes_into_the_printify_desired_document
3.01s call     tests/browser/test_batch_creation_browser.py::test_open_from_the_summary_mark_reviewed_and_go_back_to_the_batch
2.90s call     tests/browser/test_deploy_view.py::test_batch_apply_leaves_reattaches_and_continues_after_stale_listing
2.87s call     tests/browser/test_batch_creation_browser.py::test_a_batch_of_two_drafts_both_and_the_editor_has_the_suggestions_waiting
2.57s call     tests/browser/test_ai_seo_browser.py::test_a_changed_input_marks_the_proposal_out_of_date_and_it_stays_usable
2.41s call     tests/browser/test_ai_seo_browser.py::test_attaching_a_design_drafts_a_brief_and_leaves_suggestions_waiting
2.41s call     tests/browser/test_ai_seo_browser.py::test_a_reload_after_naming_shows_the_file_not_the_named_draft
2.31s setup    tests/browser/test_ai_seo_browser.py::test_full_workflow_independent_title_tags_and_lead_acceptance
2.30s call     tests/browser/test_calibrator_browser.py::TestMultipleKind::test_a_colour_typed_on_the_box_reaches_template_yaml
2.18s call     tests/browser/test_listing_videos_browser.py::test_remove_featured_video_promotes_the_second
2.12s call     tests/browser/test_calibrator_browser.py::TestMultipleKind::test_shift_dragging_a_corner_resizes_the_box_without_reshaping_it
1.92s call     tests/browser/test_ai_seo_browser.py::test_a_design_attached_to_a_listing_with_a_brief_changes_nothing
1.91s call     tests/browser/test_ai_seo_browser.py::test_a_workspace_without_the_brief_prompt_says_so_and_stops
1.90s call     tests/browser/test_ai_seo_browser.py::test_the_create_flow_drafts_once_the_picked_design_is_saved
1.67s call     tests/browser/test_deploy_view.py::test_deploy_plan_preview_apply_back_reattach_and_pill
1.67s call     tests/browser/test_calibrator_browser.py::TestMovingABox::test_dragging_a_box_moves_every_corner_by_the_same_delta
1.63s call     tests/browser/test_calibrator_browser.py::TestColourMatrixKind::test_saving_writes_the_dragged_box_to_template_yaml
1.61s call     tests/browser/test_calibrator_browser.py::TestColourMatrixKind::test_moving_a_box_reddens_re_render_instead_of_re_running
1.59s call     tests/browser/test_batch_creation_browser.py::test_drop_three_pngs_fix_a_name_and_create_three_listings
1.54s call     tests/browser/test_ai_seo_browser.py::test_ai_mode_is_disabled_when_no_provider_is_ready
1.54s call     tests/browser/test_ai_seo_browser.py::test_a_run_fills_the_panel_as_it_researches
1.54s call     tests/browser/test_ai_seo_browser.py::test_a_saved_search_shows_beside_the_fields_and_after_a_reload
1.54s call     tests/browser/test_ai_seo_browser.py::test_a_reload_mid_run_shows_the_same_run_again
1.54s call     tests/browser/test_ai_seo_browser.py::test_codex_unavailable_falls_through_to_claude
1.54s call     tests/browser/test_ai_seo_browser.py::test_ai_mode_is_disabled_without_prompts_seo_md
1.54s call     tests/browser/test_ai_seo_browser.py::test_malformed_output_is_repaired_once_then_try_again_recovers
========= 97 passed, 2937 deselected, 2 warnings in 189.84s (0:03:09) =========
